// Jest Snapshot v1, https://goo.gl/fbAQLP

exports[`should render DashboardPage component 1`] = `
<Route
  render={[Function]}
/>
`;
