// Jest Snapshot v1, https://goo.gl/fbAQLP

exports[`should render Header correctly 1`] = `
<header
  className="header"
>
  <div
    className="content-container"
  >
    <div
      className="header__content"
    >
      <div
        className="header__content--left"
      >
        <Link
          className="header__title"
          replace={false}
          to="/dashboard"
        >
          <h1>
            DansMonChat
          </h1>
        </Link>
        <h4
          className="header__room"
        />
      </div>
      <button
        className="button button--link"
        onClick={[Function]}
      >
        Logout
      </button>
    </div>
  </div>
</header>
`;
